
[root@ip-172-31-29-100 ~]# docker run -itd --name cont3 ubuntu
7d4e16dbfe659ace896090eb69bd61f34e1282ac3878ab2e7bb818f503fc1a94
[root@ip-172-31-29-100 ~]# docker network ls
NETWORK ID     NAME      DRIVER    SCOPE
1b1fc84bbd05   bridge    bridge    local
e6b48cdf97b0   host      host      local
76d8fcab74fb   none      null      local
[root@ip-172-31-29-100 ~]# docker inspect cont3

=======================================================
creating container under none network
=======================================================
[root@ip-172-31-29-100 ~]# docker run -itd --name cont4 --network none  ubuntu
b972ca9af6b8f9f6259df9211632482401f4c13ebe6af5abca7a71dff1b720d0
[root@ip-172-31-29-100 ~]# docker ps
CONTAINER ID   IMAGE     COMMAND       CREATED          STATUS          PORTS     NAMES
b972ca9af6b8   ubuntu    "/bin/bash"   15 seconds ago   Up 14 seconds             cont4
7d4e16dbfe65   ubuntu    "/bin/bash"   2 minutes ago    Up 2 minutes              cont3
a0931269c759   ubuntu    "/bin/bash"   3 minutes ago    Up 3 minutes              cont2
aa541f6bf8b3   ubuntu    "/bin/bash"   35 minutes ago   Up 35 minutes             cont1
[root@ip-172-31-29-100 ~]# docker inspect cont4
"Networks": {
                "none": {
                    "IPAMConfig": null,
                    "Links": null,
                    "Aliases": null,
                    "MacAddress": "",
                    "NetworkID": "76d8fcab74fb755a7908b259d7b903c663b5e8a65106a9ded736dc5b6eb4618b",
                    "EndpointID": "7a901fbc86add862b18c628fa52f8eaa88836b15c450b8e4cde924bc7ead7fd8",
                    "Gateway": "",
                    "IPAddress": "",
                    "IPPrefixLen": 0,
                    "IPv6Gateway": "",
                    "GlobalIPv6Address": "",
                    "GlobalIPv6PrefixLen": 0,
                    "DriverOpts": null,
                    "DNSNames": null
                }
=========================================================================================
How to create custom network and steps for creating container under custom network
=========================================================================================

[root@ip-172-31-29-100 ~]# docker network create app-network
8051e3ee057ccfc4a35c016fccaba0cf72dfa5cc60a27e1eda03ee4f284b835a
[root@ip-172-31-29-100 ~]# docker network ls
NETWORK ID     NAME          DRIVER    SCOPE
8051e3ee057c   app-network   bridge    local
1b1fc84bbd05   bridge        bridge    local
e6b48cdf97b0   host          host      local
76d8fcab74fb   none          null      local
[root@ip-172-31-29-100 ~]# docker run -itd --name app --network app-network ubuntu
6753d02cae0d3681ffb697069a03df0a62c57542c467e9bb5dc70eae1c49d63f
[root@ip-172-31-29-100 ~]# docker inspect app
"Networks": {
                "app-network": {
                    "IPAMConfig": null,
                    "Links": null,
                    "Aliases": [
                        "6753d02cae0d"
                    ],
                    "MacAddress": "02:42:ac:12:00:02",
                    "NetworkID": "8051e3ee057ccfc4a35c016fccaba0cf72dfa5cc60a27e1eda03ee4f284b835a",
                    "EndpointID": "34aafe7159155164ee6dfcf0c1f2dba9e1120c3a566139b55a3c7cd8828a49d3",
                    "Gateway": "172.18.0.1",
                    "IPAddress": "172.18.0.2",
                    "IPPrefixLen": 16,
                    "IPv6Gateway": "",
                    "GlobalIPv6Address": "",
                    "GlobalIPv6PrefixLen": 0,
                    "DriverOpts": null,
                    "DNSNames": [
                        "app",
                        "6753d02cae0d"
                    ]



[root@ip-172-31-29-100 ~]# docker network create db-network
1c0881488205a428b842afd356d18ec55ea86135ba758d2373b0e97960d8d42b
[root@ip-172-31-29-100 ~]# docker network ls
NETWORK ID     NAME          DRIVER    SCOPE
8051e3ee057c   app-network   bridge    local
1b1fc84bbd05   bridge        bridge    local
1c0881488205   db-network    bridge    local
e6b48cdf97b0   host          host      local
76d8fcab74fb   none          null      local
[root@ip-172-31-29-100 ~]# docker run -itd --name db  --network db-network ubuntu
e4f29a59080035d1c23156a84bf060ecc409030eb91580a819d8325360b687e6
[root@ip-172-31-29-100 ~]# docker inspect db
 "MacAddress": "",
            "Networks": {
                "db-network": {
                    "IPAMConfig": null,
                    "Links": null,
                    "Aliases": [
                        "e4f29a590800"
                    ],
                    "MacAddress": "02:42:ac:13:00:02",
                    "NetworkID": "1c0881488205a428b842afd356d18ec55ea86135ba758d2373b0e97960d8d42b",
                    "EndpointID": "36483f85dd4bb4cd739dbab66c840b42ede169aa085c8845bfb46bdaa0fb187e",
                    "Gateway": "172.19.0.1",
                    "IPAddress": "172.19.0.2",
                    "IPPrefixLen": 16,
                    "IPv6Gateway": "",
                    "GlobalIPv6Address": "",
                    "GlobalIPv6PrefixLen": 0,
                    "DriverOpts": null,
                    "DNSNames": [
                        "db",
                        "e4f29a590800"
                    ]
                }
========================================================================================
Now checking whether db-network having connectivity with app-network or not?
========================================================================================

[root@ip-172-31-29-100 ~]# docker exec -it db bash
root@e4f29a590800:/# ping
bash: ping: command not found
root@e4f29a590800:/# apt update -y
Get:1 http://archive.ubuntu.com/ubuntu noble InRelease [256 kB]
Get:2 http://security.ubuntu.com/ubuntu noble-security InRelease [126 kB]
Get:3 http://security.ubuntu.com/ubuntu noble-security/main amd64 Packages [777 kB]
Get:4 http://archive.ubuntu.com/ubuntu noble-updates InRelease [126 kB]
Get:5 http://archive.ubuntu.com/ubuntu noble-backports InRelease [126 kB]
Get:6 http://archive.ubuntu.com/ubuntu noble/restricted amd64 Packages [117 kB]
Get:7 http://archive.ubuntu.com/ubuntu noble/main amd64 Packages [1808 kB]      
Get:8 http://security.ubuntu.com/ubuntu noble-security/multiverse amd64 Packages [15.5 kB]
Get:9 http://security.ubuntu.com/ubuntu noble-security/restricted amd64 Packages [789 kB]
Get:10 http://security.ubuntu.com/ubuntu noble-security/universe amd64 Packages [1039 kB]
Get:11 http://archive.ubuntu.com/ubuntu noble/multiverse amd64 Packages [331 kB]       
Get:12 http://archive.ubuntu.com/ubuntu noble/universe amd64 Packages [19.3 MB]
Get:13 http://archive.ubuntu.com/ubuntu noble-updates/restricted amd64 Packages [804 kB]
Get:14 http://archive.ubuntu.com/ubuntu noble-updates/multiverse amd64 Packages [20.1 kB]
Get:15 http://archive.ubuntu.com/ubuntu noble-updates/main amd64 Packages [1084 kB]
Get:16 http://archive.ubuntu.com/ubuntu noble-updates/universe amd64 Packages [1315 kB]
Get:17 http://archive.ubuntu.com/ubuntu noble-backports/universe amd64 Packages [15.1 kB]
Fetched 28.1 MB in 3s (8831 kB/s)                          
Reading package lists... Done
Building dependency tree... Done
Reading state information... Done
14 packages can be upgraded. Run 'apt list --upgradable' to see them.
root@e4f29a590800:/# apt install iputils-ping    
Reading package lists... Done
Building dependency tree... Done
Reading state information... Done
The following additional packages will be installed:
  libcap2 libcap2-bin libpam-cap
The following NEW packages will be installed:
  iputils-ping libcap2-bin libpam-cap
The following packages will be upgraded:
  libcap2
1 upgraded, 3 newly installed, 0 to remove and 13 not upgraded.
Need to get 121 kB of archives.
Progress: [ 94%] [########################################################################################################################################.........] 
Do you want to continue? [Y/n] Y
Get:1 http://archive.ubuntu.com/ubuntu noble-updates/main amd64 libcap2 amd64 1:2.66-5ubuntu2.1 [30.1 kB]
Get:2 http://archive.ubuntu.com/ubuntu noble-updates/main amd64 libcap2-bin amd64 1:2.66-5ubuntu2.1 [34.2 kB]
Get:3 http://archive.ubuntu.com/ubuntu noble/main amd64 iputils-ping amd64 3:20240117-1build1 [44.3 kB]
Get:4 http://archive.ubuntu.com/ubuntu noble-updates/main amd64 libpam-cap amd64 1:2.66-5ubuntu2.1 [12.4 kB]
Fetched 121 kB in 0s (250 kB/s)  
debconf: delaying package configuration, since apt-utils is not installed
root@e4f29a590800:/# ping 172.18.0.2

========================================================================================
Now checking whether app-network having connectivity with db-network or not?
========================================================================================


[root@ip-172-31-29-100 ~]# docker exec -it app bash
root@6753d02cae0d:/# apt update -y
Get:1 http://security.ubuntu.com/ubuntu noble-security InRelease [126 kB]
Get:2 http://security.ubuntu.com/ubuntu noble-security/universe amd64 Packages [1039 kB]
Get:3 http://archive.ubuntu.com/ubuntu noble InRelease [256 kB]
Get:4 http://security.ubuntu.com/ubuntu noble-security/restricted amd64 Packages [789 kB]
Get:5 http://security.ubuntu.com/ubuntu noble-security/multiverse amd64 Packages [15.5 kB]
Get:6 http://security.ubuntu.com/ubuntu noble-security/main amd64 Packages [777 kB]  
Get:7 http://archive.ubuntu.com/ubuntu noble-updates InRelease [126 kB]             
Get:8 http://archive.ubuntu.com/ubuntu noble-backports InRelease [126 kB]
Get:9 http://archive.ubuntu.com/ubuntu noble/multiverse amd64 Packages [331 kB]
Get:10 http://archive.ubuntu.com/ubuntu noble/main amd64 Packages [1808 kB]
Get:11 http://archive.ubuntu.com/ubuntu noble/universe amd64 Packages [19.3 MB]
Get:12 http://archive.ubuntu.com/ubuntu noble/restricted amd64 Packages [117 kB]
Get:13 http://archive.ubuntu.com/ubuntu noble-updates/multiverse amd64 Packages [20.1 kB]
Get:14 http://archive.ubuntu.com/ubuntu noble-updates/universe amd64 Packages [1315 kB]
Get:15 http://archive.ubuntu.com/ubuntu noble-updates/restricted amd64 Packages [804 kB]
Get:16 http://archive.ubuntu.com/ubuntu noble-updates/main amd64 Packages [1084 kB]
Get:17 http://archive.ubuntu.com/ubuntu noble-backports/universe amd64 Packages [15.1 kB]
Fetched 28.1 MB in 3s (8893 kB/s)                             
Reading package lists... Done
Building dependency tree... Done
Reading state information... Done
14 packages can be upgraded. Run 'apt list --upgradable' to see them.
root@6753d02cae0d:/# apt install iputils-ping
Reading package lists... Done
Building dependency tree... Done
Reading state information... Done
The following additional packages will be installed:
  libcap2 libcap2-bin libpam-cap
The following NEW packages will be installed:
  iputils-ping libcap2-bin libpam-cap
The following packages will be upgraded:
  libcap2
1 upgraded, 3 newly installed, 0 to remove and 13 not upgraded.
Need to get 121 kB of archives.
After this operation, 319 kB of additional disk space will be used.
Do you want to continue? [Y/n] Y
Get:1 http://archive.ubuntu.com/ubuntu noble-updates/main amd64 libcap2 amd64 1:2.66-5ubuntu2.1 [30.1 kB]
Get:2 http://archive.ubuntu.com/ubuntu noble-updates/main amd64 libcap2-bin amd64 1:2.66-5ubuntu2.1 [34.2 kB]
Get:3 http://archive.ubuntu.com/ubuntu noble/main amd64 iputils-ping amd64 3:20240117-1build1 [44.3 kB]
Get:4 http://archive.ubuntu.com/ubuntu noble-updates/main amd64 libpam-cap amd64 1:2.66-5ubuntu2.1 [12.4 kB]
Fetched 121 kB in 0s (263 kB/s)  
debconf: delaying package configuration, since apt-utils is not installed
(Reading database ... 4383 files and directories currently installed.)
Preparing to unpack .../libcap2_1%3a2.66-5ubuntu2.1_amd64.deb ...
Unpacking libcap2:amd64 (1:2.66-5ubuntu2.1) over (1:2.66-5ubuntu2) ...
Setting up libcap2:amd64 (1:2.66-5ubuntu2.1) ...
Selecting previously unselected package libcap2-bin.
(Reading database ... 4383 files and directories currently installed.)
Preparing to unpack .../libcap2-bin_1%3a2.66-5ubuntu2.1_amd64.deb ...
Unpacking libcap2-bin (1:2.66-5ubuntu2.1) ...
Selecting previously unselected package iputils-ping.
Preparing to unpack .../iputils-ping_3%3a20240117-1build1_amd64.deb ...
Unpacking iputils-ping (3:20240117-1build1) ...
Selecting previously unselected package libpam-cap:amd64.
Preparing to unpack .../libpam-cap_1%3a2.66-5ubuntu2.1_amd64.deb ...
Unpacking libpam-cap:amd64 (1:2.66-5ubuntu2.1) ...
Setting up libcap2-bin (1:2.66-5ubuntu2.1) ...
Setting up libpam-cap:amd64 (1:2.66-5ubuntu2.1) ...
debconf: unable to initialize frontend: Dialog
debconf: (No usable dialog-like program is installed, so the dialog based frontend cannot be used. at /usr/share/perl5/Debconf/FrontEnd/Dialog.pm line 79.)
debconf: falling back to frontend: Readline
debconf: unable to initialize frontend: Readline
debconf: (Can't locate Term/ReadLine.pm in @INC (you may need to install the Term::ReadLine module) (@INC entries checked: /etc/perl /usr/local/lib/x86_64-linux-gnu/perl/5.38.2 /usr/local/share/perl/5.38.2 /usr/lib/x86_64-linux-gnu/perl5/5.38 /usr/share/perl5 /usr/lib/x86_64-linux-gnu/perl-base /usr/lib/x86_64-linux-gnu/perl/5.38 /usr/share/perl/5.38 /usr/local/lib/site_perl) at /usr/share/perl5/Debconf/FrontEnd/Readline.pm line 8.)
debconf: falling back to frontend: Teletype
Setting up iputils-ping (3:20240117-1build1) ...
Processing triggers for libc-bin (2.39-0ubuntu8.3) ...
root@6753d02cae0d:/# ping 172.19.0.2
PING 172.19.0.2 (172.19.0.2) 56(84) bytes of data.

========================================================================================
conncting app-network with db container and db-network with app container
========================================================================================

[root@ip-172-31-30-154 ~]# docker network connect app-network db
[root@ip-172-31-30-154 ~]# docker network connect db-network app
[root@ip-172-31-30-154 ~]# docker exec -it db bash
root@6191f8c90c72:/# ping 172.18.0.2
PING 172.18.0.2 (172.18.0.2) 56(84) bytes of data.
64 bytes from 172.18.0.2: icmp_seq=1 ttl=127 time=0.080 ms
64 bytes from 172.18.0.2: icmp_seq=2 ttl=127 time=0.060 ms
64 bytes from 172.18.0.2: icmp_seq=3 ttl=127 time=0.051 ms
64 bytes from 172.18.0.2: icmp_seq=4 ttl=127 time=0.057 ms
64 bytes from 172.18.0.2: icmp_seq=5 ttl=127 time=0.046 ms
64 bytes from 172.18.0.2: icmp_seq=6 ttl=127 time=0.048 ms
64 bytes from 172.18.0.2: icmp_seq=7 ttl=127 time=0.049 ms
64 bytes from 172.18.0.2: icmp_seq=8 ttl=127 time=0.050 ms
64 bytes from 172.18.0.2: icmp_seq=9 ttl=127 time=0.049 ms
64 bytes from 172.18.0.2: icmp_seq=10 ttl=127 time=0.046 ms
64 bytes from 172.18.0.2: icmp_seq=11 ttl=127 time=0.046 ms
64 bytes from 172.18.0.2: icmp_seq=12 ttl=127 time=0.044 ms
64 bytes from 172.18.0.2: icmp_seq=13 ttl=127 time=0.054 ms
64 bytes from 172.18.0.2: icmp_seq=14 ttl=127 time=0.050 ms
^C
--- 172.18.0.2 ping statistics ---
14 packets transmitted, 14 received, 0% packet loss, time 13317ms
rtt min/avg/max/mdev = 0.044/0.052/0.080/0.008 ms
root@6191f8c90c72:/# exit
exit
[root@ip-172-31-30-154 ~]# docker inspect db
[
    {
        "Id": "6191f8c90c7249d2adde03f62c44143c3fedad00efb92c9a97b9b30ba453ba98",
        "Created": "2025-02-10T14:57:16.143780388Z",
        "Path": "/bin/bash",
        "Args": [],
        "State": {
            "Status": "running",
            "Running": true,
            "Paused": false,
            "Restarting": false,
            "OOMKilled": false,
            "Dead": false,
            "Pid": 4284,
            "ExitCode": 0,
            "Error": "",
            "StartedAt": "2025-02-10T14:57:16.372978456Z",
            "FinishedAt": "0001-01-01T00:00:00Z"
        },
        "Image": "sha256:a04dc4851cbcbb42b54d1f52a41f5f9eca6a5fd03748c3f6eb2cbeb238ca99bd",
        "ResolvConfPath": "/var/lib/docker/containers/6191f8c90c7249d2adde03f62c44143c3fedad00efb92c9a97b9b30ba453ba98/resolv.conf",
        "HostnamePath": "/var/lib/docker/containers/6191f8c90c7249d2adde03f62c44143c3fedad00efb92c9a97b9b30ba453ba98/hostname",
        "HostsPath": "/var/lib/docker/containers/6191f8c90c7249d2adde03f62c44143c3fedad00efb92c9a97b9b30ba453ba98/hosts",
        "LogPath": "/var/lib/docker/containers/6191f8c90c7249d2adde03f62c44143c3fedad00efb92c9a97b9b30ba453ba98/6191f8c90c7249d2adde03f62c44143c3fedad00efb92c9a97b9b30ba453ba98-json.log",
        "Name": "/db",
        "RestartCount": 0,
        "Driver": "overlay2",
        "Platform": "linux",
        "MountLabel": "",
        "ProcessLabel": "",
        "AppArmorProfile": "",
        "ExecIDs": null,
        "HostConfig": {
            "Binds": null,
            "ContainerIDFile": "",
            "LogConfig": {
                "Type": "json-file",
                "Config": {}
            },
            "NetworkMode": "db-network",
            "PortBindings": {},
            "RestartPolicy": {
                "Name": "no",
                "MaximumRetryCount": 0
            },
            "AutoRemove": false,
            "VolumeDriver": "",
            "VolumesFrom": null,
            "ConsoleSize": [
                36,
                167
            ],
            "CapAdd": null,
            "CapDrop": null,
            "CgroupnsMode": "host",
            "Dns": [],
            "DnsOptions": [],
            "DnsSearch": [],
            "ExtraHosts": null,
            "GroupAdd": null,
            "IpcMode": "private",
            "Cgroup": "",
            "Links": null,
            "OomScoreAdj": 0,
            "PidMode": "",
            "Privileged": false,
            "PublishAllPorts": false,
            "ReadonlyRootfs": false,
            "SecurityOpt": null,
            "UTSMode": "",
            "UsernsMode": "",
            "ShmSize": 67108864,
            "Runtime": "runc",
            "Isolation": "",
            "CpuShares": 0,
            "Memory": 0,
            "NanoCpus": 0,
            "CgroupParent": "",
            "BlkioWeight": 0,
            "BlkioWeightDevice": [],
            "BlkioDeviceReadBps": [],
            "BlkioDeviceWriteBps": [],
            "BlkioDeviceReadIOps": [],
            "BlkioDeviceWriteIOps": [],
            "CpuPeriod": 0,
            "CpuQuota": 0,
            "CpuRealtimePeriod": 0,
            "CpuRealtimeRuntime": 0,
            "CpusetCpus": "",
            "CpusetMems": "",
            "Devices": [],
            "DeviceCgroupRules": null,
            "DeviceRequests": null,
            "MemoryReservation": 0,
            "MemorySwap": 0,
            "MemorySwappiness": null,
            "OomKillDisable": false,
            "PidsLimit": null,
            "Ulimits": [
                {
                    "Name": "nofile",
                    "Hard": 65536,
                    "Soft": 32768
                }
            ],
            "CpuCount": 0,
            "CpuPercent": 0,
            "IOMaximumIOps": 0,
            "IOMaximumBandwidth": 0,
            "MaskedPaths": [
                "/proc/asound",
                "/proc/acpi",
                "/proc/kcore",
                "/proc/keys",
                "/proc/latency_stats",
                "/proc/timer_list",
                "/proc/timer_stats",
                "/proc/sched_debug",
                "/proc/scsi",
                "/sys/firmware",
                "/sys/devices/virtual/powercap"
            ],
            "ReadonlyPaths": [
                "/proc/bus",
                "/proc/fs",
                "/proc/irq",
                "/proc/sys",
                "/proc/sysrq-trigger"
            ]
        },
        "GraphDriver": {
            "Data": {
                "LowerDir": "/var/lib/docker/overlay2/1082a671c48eedf6d015448739f90d3c7c653bbab8896081c83ed0af93dac2ba-init/diff:/var/lib/docker/overlay2/bbf7fb2aec07bc3a473dcd3e7dad5b9dcfed6abe3d8587d177921473f7555220/diff",
                "MergedDir": "/var/lib/docker/overlay2/1082a671c48eedf6d015448739f90d3c7c653bbab8896081c83ed0af93dac2ba/merged",
                "UpperDir": "/var/lib/docker/overlay2/1082a671c48eedf6d015448739f90d3c7c653bbab8896081c83ed0af93dac2ba/diff",
                "WorkDir": "/var/lib/docker/overlay2/1082a671c48eedf6d015448739f90d3c7c653bbab8896081c83ed0af93dac2ba/work"
            },
            "Name": "overlay2"
        },
        "Mounts": [],
        "Config": {
            "Hostname": "6191f8c90c72",
            "Domainname": "",
            "User": "",
            "AttachStdin": false,
            "AttachStdout": false,
            "AttachStderr": false,
            "Tty": true,
            "OpenStdin": true,
            "StdinOnce": false,
            "Env": [
                "PATH=/usr/local/sbin:/usr/local/bin:/usr/sbin:/usr/bin:/sbin:/bin"
            ],
            "Cmd": [
                "/bin/bash"
            ],
            "Image": "ubuntu",
            "Volumes": null,
            "WorkingDir": "",
            "Entrypoint": null,
            "OnBuild": null,
            "Labels": {
                "org.opencontainers.image.ref.name": "ubuntu",
                "org.opencontainers.image.version": "24.04"
            }
        },
        "NetworkSettings": {
            "Bridge": "",
            "SandboxID": "8473be141f256a5873ce863cc74b2e8dea71ca9c3dbc23dfd765ca4457b69a7c",
            "SandboxKey": "/var/run/docker/netns/8473be141f25",
            "Ports": {},
            "HairpinMode": false,
            "LinkLocalIPv6Address": "",
            "LinkLocalIPv6PrefixLen": 0,
            "SecondaryIPAddresses": null,
            "SecondaryIPv6Addresses": null,
            "EndpointID": "",
            "Gateway": "",
            "GlobalIPv6Address": "",
            "GlobalIPv6PrefixLen": 0,
            "IPAddress": "",
            "IPPrefixLen": 0,
            "IPv6Gateway": "",
            "MacAddress": "",
            "Networks": {
                "app-network": {
                    "IPAMConfig": {},
                    "Links": null,
                    "Aliases": [
                        "6191f8c90c72"
                    ],
                    "MacAddress": "02:42:ac:12:00:03",
                    "NetworkID": "a0b2f482eff3b945f04372e2a1fe0583e2bc35d36f1788d1c46a52b1c41a3242",
                    "EndpointID": "2abd56cfa5168d4a6ab3c86e124c05c821066a1c39fa678b95480cada19be42d",
                    "Gateway": "172.18.0.1",
                    "IPAddress": "172.18.0.3",
                    "IPPrefixLen": 16,
                    "IPv6Gateway": "",
                    "GlobalIPv6Address": "",
                    "GlobalIPv6PrefixLen": 0,
                    "DriverOpts": {},
                    "DNSNames": [
                        "db",
                        "6191f8c90c72"
                    ]
                },
                "db-network": {
                    "IPAMConfig": null,
                    "Links": null,
                    "Aliases": [
                        "6191f8c90c72"
                    ],
                    "MacAddress": "02:42:ac:13:00:02",
                    "NetworkID": "e7a1e037e581c629f477eb3e4d300d077b0710a5d0dd9f54934105055ef7116d",
                    "EndpointID": "b98b4f7ff40ba31bf2398105450069374c08c0b41fcec0c9ff0bfd21e59df5ee",
                    "Gateway": "172.19.0.1",
                    "IPAddress": "172.19.0.2",
                    "IPPrefixLen": 16,
                    "IPv6Gateway": "",
                    "GlobalIPv6Address": "",
                    "GlobalIPv6PrefixLen": 0,
                    "DriverOpts": null,
                    "DNSNames": [
                        "db",
                        "6191f8c90c72"
                    ]
                }
            }
        }
    }
]






[root@ip-172-31-30-154 ~]# docker exec -it app
"docker exec" requires at least 2 arguments.
See 'docker exec --help'.

Usage:  docker exec [OPTIONS] CONTAINER COMMAND [ARG...]

Execute a command in a running container
[root@ip-172-31-30-154 ~]# docker exec -it app bash
root@8c37439189fd:/# ping 172.19.0.2                                    
PING 172.19.0.2 (172.19.0.2) 56(84) bytes of data.
64 bytes from 172.19.0.2: icmp_seq=1 ttl=127 time=0.073 ms
64 bytes from 172.19.0.2: icmp_seq=2 ttl=127 time=0.046 ms
64 bytes from 172.19.0.2: icmp_seq=3 ttl=127 time=0.049 ms
64 bytes from 172.19.0.2: icmp_seq=4 ttl=127 time=0.058 ms
^C
--- 172.19.0.2 ping statistics ---
4 packets transmitted, 4 received, 0% packet loss, time 3057ms
rtt min/avg/max/mdev = 0.046/0.056/0.073/0.010 ms
root@8c37439189fd:/# exit
exit
[root@ip-172-31-30-154 ~]# docker inspect db
[
    {
        "Id": "6191f8c90c7249d2adde03f62c44143c3fedad00efb92c9a97b9b30ba453ba98",
        "Created": "2025-02-10T14:57:16.143780388Z",
        "Path": "/bin/bash",
        "Args": [],
        "State": {
            "Status": "running",
            "Running": true,
            "Paused": false,
            "Restarting": false,
            "OOMKilled": false,
            "Dead": false,
            "Pid": 4284,
            "ExitCode": 0,
            "Error": "",
            "StartedAt": "2025-02-10T14:57:16.372978456Z",
            "FinishedAt": "0001-01-01T00:00:00Z"
        },
        "Image": "sha256:a04dc4851cbcbb42b54d1f52a41f5f9eca6a5fd03748c3f6eb2cbeb238ca99bd",
        "ResolvConfPath": "/var/lib/docker/containers/6191f8c90c7249d2adde03f62c44143c3fedad00efb92c9a97b9b30ba453ba98/resolv.conf",
        "HostnamePath": "/var/lib/docker/containers/6191f8c90c7249d2adde03f62c44143c3fedad00efb92c9a97b9b30ba453ba98/hostname",
        "HostsPath": "/var/lib/docker/containers/6191f8c90c7249d2adde03f62c44143c3fedad00efb92c9a97b9b30ba453ba98/hosts",
        "LogPath": "/var/lib/docker/containers/6191f8c90c7249d2adde03f62c44143c3fedad00efb92c9a97b9b30ba453ba98/6191f8c90c7249d2adde03f62c44143c3fedad00efb92c9a97b9b30ba453ba98-json.log",
        "Name": "/db",
        "RestartCount": 0,
        "Driver": "overlay2",
        "Platform": "linux",
        "MountLabel": "",
        "ProcessLabel": "",
        "AppArmorProfile": "",
        "ExecIDs": null,
        "HostConfig": {
            "Binds": null,
            "ContainerIDFile": "",
            "LogConfig": {
                "Type": "json-file",
                "Config": {}
            },
            "NetworkMode": "db-network",
            "PortBindings": {},
            "RestartPolicy": {
                "Name": "no",
                "MaximumRetryCount": 0
            },
            "AutoRemove": false,
            "VolumeDriver": "",
            "VolumesFrom": null,
            "ConsoleSize": [
                36,
                167
            ],
            "CapAdd": null,
            "CapDrop": null,
            "CgroupnsMode": "host",
            "Dns": [],
            "DnsOptions": [],
            "DnsSearch": [],
            "ExtraHosts": null,
            "GroupAdd": null,
            "IpcMode": "private",
            "Cgroup": "",
            "Links": null,
            "OomScoreAdj": 0,
            "PidMode": "",
            "Privileged": false,
            "PublishAllPorts": false,
            "ReadonlyRootfs": false,
            "SecurityOpt": null,
            "UTSMode": "",
            "UsernsMode": "",
            "ShmSize": 67108864,
            "Runtime": "runc",
            "Isolation": "",
            "CpuShares": 0,
            "Memory": 0,
            "NanoCpus": 0,
            "CgroupParent": "",
            "BlkioWeight": 0,
            "BlkioWeightDevice": [],
            "BlkioDeviceReadBps": [],
            "BlkioDeviceWriteBps": [],
            "BlkioDeviceReadIOps": [],
            "BlkioDeviceWriteIOps": [],
            "CpuPeriod": 0,
            "CpuQuota": 0,
            "CpuRealtimePeriod": 0,
            "CpuRealtimeRuntime": 0,
            "CpusetCpus": "",
            "CpusetMems": "",
            "Devices": [],
            "DeviceCgroupRules": null,
            "DeviceRequests": null,
            "MemoryReservation": 0,
            "MemorySwap": 0,
            "MemorySwappiness": null,
            "OomKillDisable": false,
            "PidsLimit": null,
            "Ulimits": [
                {
                    "Name": "nofile",
                    "Hard": 65536,
                    "Soft": 32768
                }
            ],
            "CpuCount": 0,
            "CpuPercent": 0,
            "IOMaximumIOps": 0,
            "IOMaximumBandwidth": 0,
            "MaskedPaths": [
                "/proc/asound",
                "/proc/acpi",
                "/proc/kcore",
                "/proc/keys",
                "/proc/latency_stats",
                "/proc/timer_list",
                "/proc/timer_stats",
                "/proc/sched_debug",
                "/proc/scsi",
                "/sys/firmware",
                "/sys/devices/virtual/powercap"
            ],
            "ReadonlyPaths": [
                "/proc/bus",
                "/proc/fs",
                "/proc/irq",
                "/proc/sys",
                "/proc/sysrq-trigger"
            ]
        },
        "GraphDriver": {
            "Data": {
                "LowerDir": "/var/lib/docker/overlay2/1082a671c48eedf6d015448739f90d3c7c653bbab8896081c83ed0af93dac2ba-init/diff:/var/lib/docker/overlay2/bbf7fb2aec07bc3a473dcd3e7dad5b9dcfed6abe3d8587d177921473f7555220/diff",
                "MergedDir": "/var/lib/docker/overlay2/1082a671c48eedf6d015448739f90d3c7c653bbab8896081c83ed0af93dac2ba/merged",
                "UpperDir": "/var/lib/docker/overlay2/1082a671c48eedf6d015448739f90d3c7c653bbab8896081c83ed0af93dac2ba/diff",
                "WorkDir": "/var/lib/docker/overlay2/1082a671c48eedf6d015448739f90d3c7c653bbab8896081c83ed0af93dac2ba/work"
            },
            "Name": "overlay2"
        },
        "Mounts": [],
        "Config": {
            "Hostname": "6191f8c90c72",
            "Domainname": "",
            "User": "",
            "AttachStdin": false,
            "AttachStdout": false,
            "AttachStderr": false,
            "Tty": true,
            "OpenStdin": true,
            "StdinOnce": false,
            "Env": [
                "PATH=/usr/local/sbin:/usr/local/bin:/usr/sbin:/usr/bin:/sbin:/bin"
            ],
            "Cmd": [
                "/bin/bash"
            ],
            "Image": "ubuntu",
            "Volumes": null,
            "WorkingDir": "",
            "Entrypoint": null,
            "OnBuild": null,
            "Labels": {
                "org.opencontainers.image.ref.name": "ubuntu",
                "org.opencontainers.image.version": "24.04"
            }
        },
        "NetworkSettings": {
            "Bridge": "",
            "SandboxID": "8473be141f256a5873ce863cc74b2e8dea71ca9c3dbc23dfd765ca4457b69a7c",
            "SandboxKey": "/var/run/docker/netns/8473be141f25",
            "Ports": {},
            "HairpinMode": false,
            "LinkLocalIPv6Address": "",
            "LinkLocalIPv6PrefixLen": 0,
            "SecondaryIPAddresses": null,
            "SecondaryIPv6Addresses": null,
            "EndpointID": "",
            "Gateway": "",
            "GlobalIPv6Address": "",
            "GlobalIPv6PrefixLen": 0,
            "IPAddress": "",
            "IPPrefixLen": 0,
            "IPv6Gateway": "",
            "MacAddress": "",
            "Networks": {
                "app-network": {
                    "IPAMConfig": {},
                    "Links": null,
                    "Aliases": [
                        "6191f8c90c72"
                    ],
                    "MacAddress": "02:42:ac:12:00:03",
                    "NetworkID": "a0b2f482eff3b945f04372e2a1fe0583e2bc35d36f1788d1c46a52b1c41a3242",
                    "EndpointID": "2abd56cfa5168d4a6ab3c86e124c05c821066a1c39fa678b95480cada19be42d",
                    "Gateway": "172.18.0.1",
                    "IPAddress": "172.18.0.3",
                    "IPPrefixLen": 16,
                    "IPv6Gateway": "",
                    "GlobalIPv6Address": "",
                    "GlobalIPv6PrefixLen": 0,
                    "DriverOpts": {},
                    "DNSNames": [
                        "db",
                        "6191f8c90c72"
                    ]
                },
                "db-network": {
                    "IPAMConfig": null,
                    "Links": null,
                    "Aliases": [
                        "6191f8c90c72"
                    ],
                    "MacAddress": "02:42:ac:13:00:02",
                    "NetworkID": "e7a1e037e581c629f477eb3e4d300d077b0710a5d0dd9f54934105055ef7116d",
                    "EndpointID": "b98b4f7ff40ba31bf2398105450069374c08c0b41fcec0c9ff0bfd21e59df5ee",
                    "Gateway": "172.19.0.1",
                    "IPAddress": "172.19.0.2",
                    "IPPrefixLen": 16,
                    "IPv6Gateway": "",
                    "GlobalIPv6Address": "",
                    "GlobalIPv6PrefixLen": 0,
                    "DriverOpts": null,
                    "DNSNames": [
                        "db",
                        "6191f8c90c72"
                    ]
                }
            }
        }
    }
]


==========================
Disconneting networks
==========================
[root@ip-172-31-30-154 ~]# docker network disconnect app-network db
[root@ip-172-31-30-154 ~]# docker network disconnect db-network app
[root@ip-172-31-30-154 ~]# docker inspect db
[
    {
        "Id": "6191f8c90c7249d2adde03f62c44143c3fedad00efb92c9a97b9b30ba453ba98",
        "Created": "2025-02-10T14:57:16.143780388Z",
        "Path": "/bin/bash",
        "Args": [],
        "State": {
            "Status": "running",
            "Running": true,
            "Paused": false,
            "Restarting": false,
            "OOMKilled": false,
            "Dead": false,
            "Pid": 4284,
            "ExitCode": 0,
            "Error": "",
            "StartedAt": "2025-02-10T14:57:16.372978456Z",
            "FinishedAt": "0001-01-01T00:00:00Z"
        },
        "Image": "sha256:a04dc4851cbcbb42b54d1f52a41f5f9eca6a5fd03748c3f6eb2cbeb238ca99bd",
        "ResolvConfPath": "/var/lib/docker/containers/6191f8c90c7249d2adde03f62c44143c3fedad00efb92c9a97b9b30ba453ba98/resolv.conf",
        "HostnamePath": "/var/lib/docker/containers/6191f8c90c7249d2adde03f62c44143c3fedad00efb92c9a97b9b30ba453ba98/hostname",
        "HostsPath": "/var/lib/docker/containers/6191f8c90c7249d2adde03f62c44143c3fedad00efb92c9a97b9b30ba453ba98/hosts",
        "LogPath": "/var/lib/docker/containers/6191f8c90c7249d2adde03f62c44143c3fedad00efb92c9a97b9b30ba453ba98/6191f8c90c7249d2adde03f62c44143c3fedad00efb92c9a97b9b30ba453ba98-json.log",
        "Name": "/db",
        "RestartCount": 0,
        "Driver": "overlay2",
        "Platform": "linux",
        "MountLabel": "",
        "ProcessLabel": "",
        "AppArmorProfile": "",
        "ExecIDs": null,
        "HostConfig": {
            "Binds": null,
            "ContainerIDFile": "",
            "LogConfig": {
                "Type": "json-file",
                "Config": {}
            },
            "NetworkMode": "db-network",
            "PortBindings": {},
            "RestartPolicy": {
                "Name": "no",
                "MaximumRetryCount": 0
            },
            "AutoRemove": false,
            "VolumeDriver": "",
            "VolumesFrom": null,
            "ConsoleSize": [
                36,
                167
            ],
            "CapAdd": null,
            "CapDrop": null,
            "CgroupnsMode": "host",
            "Dns": [],
            "DnsOptions": [],
            "DnsSearch": [],
            "ExtraHosts": null,
            "GroupAdd": null,
            "IpcMode": "private",
            "Cgroup": "",
            "Links": null,
            "OomScoreAdj": 0,
            "PidMode": "",
            "Privileged": false,
            "PublishAllPorts": false,
            "ReadonlyRootfs": false,
            "SecurityOpt": null,
            "UTSMode": "",
            "UsernsMode": "",
            "ShmSize": 67108864,
            "Runtime": "runc",
            "Isolation": "",
            "CpuShares": 0,
            "Memory": 0,
            "NanoCpus": 0,
            "CgroupParent": "",
            "BlkioWeight": 0,
            "BlkioWeightDevice": [],
            "BlkioDeviceReadBps": [],
            "BlkioDeviceWriteBps": [],
            "BlkioDeviceReadIOps": [],
            "BlkioDeviceWriteIOps": [],
            "CpuPeriod": 0,
            "CpuQuota": 0,
            "CpuRealtimePeriod": 0,
            "CpuRealtimeRuntime": 0,
            "CpusetCpus": "",
            "CpusetMems": "",
            "Devices": [],
            "DeviceCgroupRules": null,
            "DeviceRequests": null,
            "MemoryReservation": 0,
            "MemorySwap": 0,
            "MemorySwappiness": null,
            "OomKillDisable": false,
            "PidsLimit": null,
            "Ulimits": [
                {
                    "Name": "nofile",
                    "Hard": 65536,
                    "Soft": 32768
                }
            ],
            "CpuCount": 0,
            "CpuPercent": 0,
            "IOMaximumIOps": 0,
            "IOMaximumBandwidth": 0,
            "MaskedPaths": [
                "/proc/asound",
                "/proc/acpi",
                "/proc/kcore",
                "/proc/keys",
                "/proc/latency_stats",
                "/proc/timer_list",
                "/proc/timer_stats",
                "/proc/sched_debug",
                "/proc/scsi",
                "/sys/firmware",
                "/sys/devices/virtual/powercap"
            ],
            "ReadonlyPaths": [
                "/proc/bus",
                "/proc/fs",
                "/proc/irq",
                "/proc/sys",
                "/proc/sysrq-trigger"
            ]
        },
        "GraphDriver": {
            "Data": {
                "LowerDir": "/var/lib/docker/overlay2/1082a671c48eedf6d015448739f90d3c7c653bbab8896081c83ed0af93dac2ba-init/diff:/var/lib/docker/overlay2/bbf7fb2aec07bc3a473dcd3e7dad5b9dcfed6abe3d8587d177921473f7555220/diff",
                "MergedDir": "/var/lib/docker/overlay2/1082a671c48eedf6d015448739f90d3c7c653bbab8896081c83ed0af93dac2ba/merged",
                "UpperDir": "/var/lib/docker/overlay2/1082a671c48eedf6d015448739f90d3c7c653bbab8896081c83ed0af93dac2ba/diff",
                "WorkDir": "/var/lib/docker/overlay2/1082a671c48eedf6d015448739f90d3c7c653bbab8896081c83ed0af93dac2ba/work"
            },
            "Name": "overlay2"
        },
        "Mounts": [],
        "Config": {
            "Hostname": "6191f8c90c72",
            "Domainname": "",
            "User": "",
            "AttachStdin": false,
            "AttachStdout": false,
            "AttachStderr": false,
            "Tty": true,
            "OpenStdin": true,
            "StdinOnce": false,
            "Env": [
                "PATH=/usr/local/sbin:/usr/local/bin:/usr/sbin:/usr/bin:/sbin:/bin"
            ],
            "Cmd": [
                "/bin/bash"
            ],
            "Image": "ubuntu",
            "Volumes": null,
            "WorkingDir": "",
            "Entrypoint": null,
            "OnBuild": null,
            "Labels": {
                "org.opencontainers.image.ref.name": "ubuntu",
                "org.opencontainers.image.version": "24.04"
            }
        },
        "NetworkSettings": {
            "Bridge": "",
            "SandboxID": "8473be141f256a5873ce863cc74b2e8dea71ca9c3dbc23dfd765ca4457b69a7c",
            "SandboxKey": "/var/run/docker/netns/8473be141f25",
            "Ports": {},
            "HairpinMode": false,
            "LinkLocalIPv6Address": "",
            "LinkLocalIPv6PrefixLen": 0,
            "SecondaryIPAddresses": null,
            "SecondaryIPv6Addresses": null,
            "EndpointID": "",
            "Gateway": "",
            "GlobalIPv6Address": "",
            "GlobalIPv6PrefixLen": 0,
            "IPAddress": "",
            "IPPrefixLen": 0,
            "IPv6Gateway": "",
            "MacAddress": "",
            "Networks": {
                "db-network": {
                    "IPAMConfig": null,
                    "Links": null,
                    "Aliases": [
                        "6191f8c90c72"
                    ],
                    "MacAddress": "02:42:ac:13:00:02",
                    "NetworkID": "e7a1e037e581c629f477eb3e4d300d077b0710a5d0dd9f54934105055ef7116d",
                    "EndpointID": "b98b4f7ff40ba31bf2398105450069374c08c0b41fcec0c9ff0bfd21e59df5ee",
                    "Gateway": "172.19.0.1",
                    "IPAddress": "172.19.0.2",
                    "IPPrefixLen": 16,
                    "IPv6Gateway": "",
                    "GlobalIPv6Address": "",
                    "GlobalIPv6PrefixLen": 0,
                    "DriverOpts": null,
                    "DNSNames": [
                        "db",
                        "6191f8c90c72"
                    ]
                }
            }
        }
    }
]
